{"timestamp": "2025-04-13T19:01:25Z", "action": "swap", "details": {"fork": "openpilot", "branch": "master", "target": "./fork_manager_data/forks/openpilot__master", "prev_target": null}}
{"timestamp": "2025-04-13T19:01:31Z", "action": "swap_error", "details": {"fork": "nonexistfork", "branch": "nonexistbranch", "error": "Fork/branch directory not found: ./fork_manager_data/forks/nonexistfork__nonexistbranch"}}
{"timestamp": "2025-04-15T01:41:16Z", "action": "swap", "details": {"fork": "openpilot", "branch": "master", "target": "./fork_manager_data/forks/openpilot__master", "prev_target": "./fork_manager_data/forks/openpilot__master"}}
{"timestamp": "2025-04-15T01:41:18Z", "action": "undo_swap", "details": {"restored_target": "./fork_manager_data/forks/openpilot__master"}}
{"timestamp": "2025-04-15T01:41:24Z", "action": "swap", "details": {"fork": "openpilot", "branch": "master", "target": "./fork_manager_data/forks/openpilot__master", "prev_target": "./fork_manager_data/forks/openpilot__master"}}
{"timestamp": "2025-04-15T01:41:28Z", "action": "swap_error", "details": {"fork": "nonexistfork", "branch": "nonexistbranch", "error": "Missing selfdrive/ in ./fork_manager_data/forks/nonexistfork__nonexistbranch"}}
{"timestamp": "2025-04-15T01:51:00Z", "action": "swap", "details": {"fork": "openpilot", "branch": "master", "target": "./fork_manager_data/forks/openpilot__master", "prev_target": "./fork_manager_data/forks/openpilot__master"}}
{"timestamp": "2025-04-15T01:51:04Z", "action": "undo_swap", "details": {"restored_target": "./fork_manager_data/forks/openpilot__master"}}
{"timestamp": "2025-04-15T01:51:08Z", "action": "swap", "details": {"fork": "openpilot", "branch": "master", "target": "./fork_manager_data/forks/openpilot__master", "prev_target": "./fork_manager_data/forks/openpilot__master"}}
{"timestamp": "2025-04-15T01:51:11Z", "action": "swap_error", "details": {"fork": "nonexistfork", "branch": "nonexistbranch", "error": "Fork/branch directory not found: ./fork_manager_data/forks/nonexistfork__nonexistbranch"}}
{"timestamp": "2025-04-15T01:59:27Z", "action": "swap", "details": {"fork": "openpilot", "branch": "master", "target": "./fork_manager_data/forks/openpilot__master", "prev_target": "./fork_manager_data/forks/openpilot__master"}}
{"timestamp": "2025-04-15T01:59:29Z", "action": "undo_swap", "details": {"restored_target": "./fork_manager_data/forks/openpilot__master"}}
{"timestamp": "2025-04-15T01:59:31Z", "action": "swap", "details": {"fork": "openpilot", "branch": "master", "target": "./fork_manager_data/forks/openpilot__master", "prev_target": "./fork_manager_data/forks/openpilot__master"}}
{"timestamp": "2025-04-15T01:59:33Z", "action": "swap_error", "details": {"fork": "nonexistfork", "branch": "nonexistbranch", "error": "Fork/branch directory not found: ./fork_manager_data/forks/nonexistfork__nonexistbranch"}}
{"timestamp": "2025-04-15T02:00:27Z", "action": "swap", "details": {"fork": "openpilot", "branch": "master", "target": "./fork_manager_data/forks/openpilot__master", "prev_target": "./fork_manager_data/forks/openpilot__master"}}
{"timestamp": "2025-04-15T02:00:29Z", "action": "undo_swap", "details": {"restored_target": "./fork_manager_data/forks/openpilot__master"}}
{"timestamp": "2025-04-15T02:00:33Z", "action": "swap", "details": {"fork": "openpilot", "branch": "master", "target": "./fork_manager_data/forks/openpilot__master", "prev_target": "./fork_manager_data/forks/openpilot__master"}}
{"timestamp": "2025-04-15T02:00:36Z", "action": "swap_error", "details": {"fork": "nonexistfork", "branch": "nonexistbranch", "error": "Missing selfdrive/ in ./fork_manager_data/forks/nonexistfork__nonexistbranch"}}
{"timestamp": "2025-04-15T02:00:55Z", "action": "swap", "details": {"fork": "openpilot", "branch": "master", "target": "./fork_manager_data/forks/openpilot__master", "prev_target": "./fork_manager_data/forks/openpilot__master"}}
{"timestamp": "2025-04-15T02:00:58Z", "action": "undo_swap", "details": {"restored_target": "./fork_manager_data/forks/openpilot__master"}}
{"timestamp": "2025-04-15T02:01:01Z", "action": "swap", "details": {"fork": "openpilot", "branch": "master", "target": "./fork_manager_data/forks/openpilot__master", "prev_target": "./fork_manager_data/forks/openpilot__master"}}
{"timestamp": "2025-04-15T02:01:04Z", "action": "swap_error", "details": {"fork": "nonexistfork", "branch": "nonexistbranch", "error": "Missing selfdrive/ in ./fork_manager_data/forks/nonexistfork__nonexistbranch"}}
{"timestamp": "2025-04-15T02:10:38Z", "action": "swap", "details": {"fork": "openpilot", "branch": "master", "target": "./fork_manager_data/forks/openpilot__master", "prev_target": "./fork_manager_data/forks/openpilot__master"}}
{"timestamp": "2025-04-15T02:10:41Z", "action": "undo_swap", "details": {"restored_target": "./fork_manager_data/forks/openpilot__master"}}
{"timestamp": "2025-04-15T02:10:45Z", "action": "swap", "details": {"fork": "openpilot", "branch": "master", "target": "./fork_manager_data/forks/openpilot__master", "prev_target": "./fork_manager_data/forks/openpilot__master"}}
{"timestamp": "2025-04-15T02:10:49Z", "action": "swap_error", "details": {"fork": "nonexistfork", "branch": "nonexistbranch", "error": "Fork/branch directory not found: ./fork_manager_data/forks/nonexistfork__nonexistbranch"}}
{"timestamp": "2025-04-15T02:22:20Z", "action": "swap", "details": {"fork": "openpilot", "branch": "master", "target": "./fork_manager_data/forks/openpilot__master", "prev_target": "./fork_manager_data/forks/openpilot__master"}}
{"timestamp": "2025-04-15T02:22:23Z", "action": "undo_swap", "details": {"restored_target": "./fork_manager_data/forks/openpilot__master"}}
{"timestamp": "2025-04-15T02:22:26Z", "action": "swap", "details": {"fork": "openpilot", "branch": "master", "target": "./fork_manager_data/forks/openpilot__master", "prev_target": "./fork_manager_data/forks/openpilot__master"}}
{"timestamp": "2025-04-15T02:22:29Z", "action": "swap_error", "details": {"fork": "nonexistfork", "branch": "nonexistbranch", "error": "Fork/branch directory not found: ./fork_manager_data/forks/nonexistfork__nonexistbranch"}}
{"timestamp": "2025-04-21T22:20:05Z", "action": "swap", "details": {"fork": "openpilot", "branch": "master", "target": "/Users/jblair/Github/openpilot/fork_manager_data/forks/openpilot__master", "prev_target": "./fork_manager_data/forks/openpilot__master"}}
{"timestamp": "2025-04-23T02:01:40Z", "action": "swap", "details": {"fork": "openpilot", "branch": "master", "target": "/openpilot/fork_manager_data/forks/openpilot__master", "prev_target": "/Users/jblair/Github/openpilot/fork_manager_data/forks/openpilot__master"}}
