{"timestamp": "2025-04-13T19:01:25Z", "action": "backup", "details": {"fork": "openpilot", "branch": "master", "backup_path": "./fork_manager_data/forks/openpilot__master/settings/backup_20250413_190125"}}
{"timestamp": "2025-04-13T19:01:26Z", "action": "restore", "details": {"fork": "openpilot", "branch": "master", "backup_dir": "./fork_manager_data/forks/openpilot__master/settings/backup_20250413_190125"}}
{"timestamp": "2025-04-13T19:01:32Z", "action": "restore_error", "details": {"fork": "nonexistfork", "branch": "nonexistbranch", "error": "[Errno 2] No such file or directory: './fork_manager_data/forks/nonexistfork__nonexistbranch/settings'"}}
{"timestamp": "2025-04-13T19:01:32Z", "action": "backup", "details": {"fork": "nonexistfork", "branch": "nonexistbranch", "backup_path": "./fork_manager_data/forks/nonexistfork__nonexistbranch/settings/backup_20250413_190132"}}
{"timestamp": "2025-04-15T01:41:16Z", "action": "backup", "details": {"fork": "openpilot", "branch": "master", "backup_path": "./fork_manager_data/forks/openpilot__master/settings/backup_20250415_014116"}}
{"timestamp": "2025-04-15T01:41:17Z", "action": "restore", "details": {"fork": "openpilot", "branch": "master", "backup_dir": "./fork_manager_data/forks/openpilot__master/settings/backup_20250415_014116"}}
{"timestamp": "2025-04-15T01:41:24Z", "action": "restore", "details": {"fork": "openpilot", "branch": "master", "backup_dir": "./fork_manager_data/forks/openpilot__master/settings/backup_20250415_014116"}}
{"timestamp": "2025-04-15T01:41:30Z", "action": "restore", "details": {"fork": "nonexistfork", "branch": "nonexistbranch", "backup_dir": "./fork_manager_data/forks/nonexistfork__nonexistbranch/settings/backup_20250413_190132"}}
{"timestamp": "2025-04-15T01:41:31Z", "action": "backup", "details": {"fork": "nonexistfork", "branch": "nonexistbranch", "backup_path": "./fork_manager_data/forks/nonexistfork__nonexistbranch/settings/backup_20250415_014131"}}
{"timestamp": "2025-04-15T01:51:01Z", "action": "backup", "details": {"fork": "openpilot", "branch": "master", "backup_path": "./fork_manager_data/forks/openpilot__master/settings/backup_20250415_015101"}}
{"timestamp": "2025-04-15T01:51:03Z", "action": "restore", "details": {"fork": "openpilot", "branch": "master", "backup_dir": "./fork_manager_data/forks/openpilot__master/settings/backup_20250415_015101"}}
{"timestamp": "2025-04-15T01:51:08Z", "action": "restore", "details": {"fork": "openpilot", "branch": "master", "backup_dir": "./fork_manager_data/forks/openpilot__master/settings/backup_20250415_015101"}}
{"timestamp": "2025-04-15T01:51:13Z", "action": "restore_error", "details": {"fork": "nonexistfork", "branch": "nonexistbranch", "error": "[Errno 2] No such file or directory: './fork_manager_data/forks/nonexistfork__nonexistbranch/settings'"}}
{"timestamp": "2025-04-15T01:51:14Z", "action": "backup", "details": {"fork": "nonexistfork", "branch": "nonexistbranch", "backup_path": "./fork_manager_data/forks/nonexistfork__nonexistbranch/settings/backup_20250415_015114"}}
{"timestamp": "2025-04-15T01:59:27Z", "action": "backup", "details": {"fork": "openpilot", "branch": "master", "backup_path": "./fork_manager_data/forks/openpilot__master/settings/backup_20250415_015927"}}
{"timestamp": "2025-04-15T01:59:28Z", "action": "restore", "details": {"fork": "openpilot", "branch": "master", "backup_dir": "./fork_manager_data/forks/openpilot__master/settings/backup_20250415_015927"}}
{"timestamp": "2025-04-15T01:59:31Z", "action": "restore", "details": {"fork": "openpilot", "branch": "master", "backup_dir": "./fork_manager_data/forks/openpilot__master/settings/backup_20250415_015927"}}
{"timestamp": "2025-04-15T01:59:35Z", "action": "restore_error", "details": {"fork": "nonexistfork", "branch": "nonexistbranch", "error": "[Errno 2] No such file or directory: './fork_manager_data/forks/nonexistfork__nonexistbranch/settings'"}}
{"timestamp": "2025-04-15T01:59:35Z", "action": "backup", "details": {"fork": "nonexistfork", "branch": "nonexistbranch", "backup_path": "./fork_manager_data/forks/nonexistfork__nonexistbranch/settings/backup_20250415_015935"}}
{"timestamp": "2025-04-15T02:00:28Z", "action": "backup", "details": {"fork": "openpilot", "branch": "master", "backup_path": "./fork_manager_data/forks/openpilot__master/settings/backup_20250415_020028"}}
{"timestamp": "2025-04-15T02:00:28Z", "action": "restore", "details": {"fork": "openpilot", "branch": "master", "backup_dir": "./fork_manager_data/forks/openpilot__master/settings/backup_20250415_020028"}}
{"timestamp": "2025-04-15T02:00:33Z", "action": "restore", "details": {"fork": "openpilot", "branch": "master", "backup_dir": "./fork_manager_data/forks/openpilot__master/settings/backup_20250415_020028"}}
{"timestamp": "2025-04-15T02:00:38Z", "action": "restore", "details": {"fork": "nonexistfork", "branch": "nonexistbranch", "backup_dir": "./fork_manager_data/forks/nonexistfork__nonexistbranch/settings/backup_20250415_015935"}}
{"timestamp": "2025-04-15T02:00:39Z", "action": "backup", "details": {"fork": "nonexistfork", "branch": "nonexistbranch", "backup_path": "./fork_manager_data/forks/nonexistfork__nonexistbranch/settings/backup_20250415_020039"}}
{"timestamp": "2025-04-15T02:00:56Z", "action": "backup", "details": {"fork": "openpilot", "branch": "master", "backup_path": "./fork_manager_data/forks/openpilot__master/settings/backup_20250415_020056"}}
{"timestamp": "2025-04-15T02:00:57Z", "action": "restore", "details": {"fork": "openpilot", "branch": "master", "backup_dir": "./fork_manager_data/forks/openpilot__master/settings/backup_20250415_020056"}}
{"timestamp": "2025-04-15T02:01:01Z", "action": "restore", "details": {"fork": "openpilot", "branch": "master", "backup_dir": "./fork_manager_data/forks/openpilot__master/settings/backup_20250415_020056"}}
{"timestamp": "2025-04-15T02:01:06Z", "action": "restore", "details": {"fork": "nonexistfork", "branch": "nonexistbranch", "backup_dir": "./fork_manager_data/forks/nonexistfork__nonexistbranch/settings/backup_20250415_020039"}}
{"timestamp": "2025-04-15T02:01:06Z", "action": "backup", "details": {"fork": "nonexistfork", "branch": "nonexistbranch", "backup_path": "./fork_manager_data/forks/nonexistfork__nonexistbranch/settings/backup_20250415_020106"}}
{"timestamp": "2025-04-15T02:10:39Z", "action": "backup", "details": {"fork": "openpilot", "branch": "master", "backup_path": "./fork_manager_data/forks/openpilot__master/settings/backup_20250415_021039"}}
{"timestamp": "2025-04-15T02:10:40Z", "action": "restore", "details": {"fork": "openpilot", "branch": "master", "backup_dir": "./fork_manager_data/forks/openpilot__master/settings/backup_20250415_021039"}}
{"timestamp": "2025-04-15T02:10:45Z", "action": "restore", "details": {"fork": "openpilot", "branch": "master", "backup_dir": "./fork_manager_data/forks/openpilot__master/settings/backup_20250415_021039"}}
{"timestamp": "2025-04-15T02:10:51Z", "action": "restore_error", "details": {"fork": "nonexistfork", "branch": "nonexistbranch", "error": "[Errno 2] No such file or directory: './fork_manager_data/forks/nonexistfork__nonexistbranch/settings'"}}
{"timestamp": "2025-04-15T02:10:52Z", "action": "backup", "details": {"fork": "nonexistfork", "branch": "nonexistbranch", "backup_path": "./fork_manager_data/forks/nonexistfork__nonexistbranch/settings/backup_20250415_021052"}}
{"timestamp": "2025-04-15T02:22:21Z", "action": "backup", "details": {"fork": "openpilot", "branch": "master", "backup_path": "./fork_manager_data/forks/openpilot__master/settings/backup_20250415_022221"}}
{"timestamp": "2025-04-15T02:22:22Z", "action": "restore", "details": {"fork": "openpilot", "branch": "master", "backup_dir": "./fork_manager_data/forks/openpilot__master/settings/backup_20250415_022221"}}
{"timestamp": "2025-04-15T02:22:26Z", "action": "restore", "details": {"fork": "openpilot", "branch": "master", "backup_dir": "./fork_manager_data/forks/openpilot__master/settings/backup_20250415_022221"}}
{"timestamp": "2025-04-15T02:22:33Z", "action": "restore_error", "details": {"fork": "nonexistfork", "branch": "nonexistbranch", "error": "[Errno 2] No such file or directory: './fork_manager_data/forks/nonexistfork__nonexistbranch/settings'"}}
{"timestamp": "2025-04-15T02:22:33Z", "action": "backup", "details": {"fork": "nonexistfork", "branch": "nonexistbranch", "backup_path": "./fork_manager_data/forks/nonexistfork__nonexistbranch/settings/backup_20250415_022233"}}
