{"timestamp": "2025-04-15T02:22:25Z", "action": "get_remote_version_error", "details": {"url": "https://api.github.com/repos/fatherofrhayn/openpilot/commits/manager", "error": "403 Client Error: rate limit exceeded for url: https://api.github.com/repos/fatherofrhayn/openpilot/commits/manager"}}
{"timestamp": "2025-04-15T02:22:26Z", "action": "get_remote_version_error", "details": {"url": "https://api.github.com/repos/fatherofrhayn/openpilot/commits/manager", "error": "403 Client Error: rate limit exceeded for url: https://api.github.com/repos/fatherofrhayn/openpilot/commits/manager"}}
{"timestamp": "2025-04-15T02:22:26Z", "action": "get_remote_version_error", "details": {"url": "https://api.github.com/repos/fatherofrhayn/openpilot/commits/manager", "error": "403 Client Error: rate limit exceeded for url: https://api.github.com/repos/fatherofrhayn/openpilot/commits/manager"}}
{"timestamp": "2025-04-15T02:22:27Z", "action": "get_remote_version_error", "details": {"url": "https://api.github.com/repos/fatherofrhayn/openpilot/commits/manager", "error": "403 Client Error: rate limit exceeded for url: https://api.github.com/repos/fatherofrhayn/openpilot/commits/manager"}}
{"timestamp": "2025-04-15T02:22:27Z", "action": "get_remote_version_error", "details": {"url": "https://api.github.com/repos/fatherofrhayn/openpilot/commits/manager", "error": "403 Client Error: rate limit exceeded for url: https://api.github.com/repos/fatherofrhayn/openpilot/commits/manager"}}
{"timestamp": "2025-04-15T02:22:28Z", "action": "get_remote_version_error", "details": {"url": "https://api.github.com/repos/fatherofrhayn/openpilot/commits/manager", "error": "403 Client Error: rate limit exceeded for url: https://api.github.com/repos/fatherofrhayn/openpilot/commits/manager"}}
{"timestamp": "2025-04-15T02:22:28Z", "action": "get_remote_version_error", "details": {"url": "https://api.github.com/repos/fatherofrhayn/openpilot/commits/manager", "error": "403 Client Error: rate limit exceeded for url: https://api.github.com/repos/fatherofrhayn/openpilot/commits/manager"}}
{"timestamp": "2025-04-15T02:22:29Z", "action": "get_remote_version_error", "details": {"url": "https://api.github.com/repos/fatherofrhayn/openpilot/commits/manager", "error": "403 Client Error: rate limit exceeded for url: https://api.github.com/repos/fatherofrhayn/openpilot/commits/manager"}}
{"timestamp": "2025-04-15T02:22:29Z", "action": "get_remote_version_error", "details": {"url": "https://api.github.com/repos/fatherofrhayn/openpilot/commits/manager", "error": "403 Client Error: rate limit exceeded for url: https://api.github.com/repos/fatherofrhayn/openpilot/commits/manager"}}
{"timestamp": "2025-04-15T02:22:31Z", "action": "get_remote_version_error", "details": {"url": "https://api.github.com/repos/fatherofrhayn/openpilot/commits/manager", "error": "403 Client Error: rate limit exceeded for url: https://api.github.com/repos/fatherofrhayn/openpilot/commits/manager"}}
{"timestamp": "2025-04-15T02:22:32Z", "action": "get_remote_version_error", "details": {"url": "https://api.github.com/repos/fatherofrhayn/openpilot/commits/manager", "error": "403 Client Error: rate limit exceeded for url: https://api.github.com/repos/fatherofrhayn/openpilot/commits/manager"}}
{"timestamp": "2025-04-15T02:22:33Z", "action": "get_remote_version_error", "details": {"url": "https://api.github.com/repos/fatherofrhayn/openpilot/commits/manager", "error": "403 Client Error: rate limit exceeded for url: https://api.github.com/repos/fatherofrhayn/openpilot/commits/manager"}}
{"timestamp": "2025-04-15T02:22:33Z", "action": "get_remote_version_error", "details": {"url": "https://api.github.com/repos/fatherofrhayn/openpilot/commits/manager", "error": "403 Client Error: rate limit exceeded for url: https://api.github.com/repos/fatherofrhayn/openpilot/commits/manager"}}
{"timestamp": "2025-04-15T02:22:34Z", "action": "get_remote_version_error", "details": {"url": "https://api.github.com/repos/fatherofrhayn/openpilot/commits/manager", "error": "403 Client Error: rate limit exceeded for url: https://api.github.com/repos/fatherofrhayn/openpilot/commits/manager"}}
{"timestamp": "2025-04-23T02:01:40Z", "action": "get_remote_version_error", "details": {"error": "requests module not available"}}
{"timestamp": "2025-04-23T04:23:29Z", "action": "get_remote_version_error", "details": {"error": "requests module not available"}}
{"timestamp": "2025-04-23T04:24:28Z", "action": "get_remote_version_error", "details": {"error": "requests module not available"}}
{"timestamp": "2025-04-23T04:28:31Z", "action": "get_remote_version_error", "details": {"error": "requests module not available"}}
{"timestamp": "2025-04-23T04:31:46Z", "action": "get_remote_version_error", "details": {"error": "requests module not available"}}
{"timestamp": "2025-04-23T04:33:59Z", "action": "get_remote_version_error", "details": {"error": "requests module not available"}}
{"timestamp": "2025-04-23T04:45:51Z", "action": "get_remote_version_error", "details": {"error": "requests module not available"}}
{"timestamp": "2025-04-23T04:46:08Z", "action": "get_remote_version_error", "details": {"error": "requests module not available"}}
{"timestamp": "2025-04-24T03:02:47Z", "action": "get_remote_version_error", "details": {"error": "requests module not available"}}
2025-04-24 22:31:38,048 INFO Attempting self-update...
2025-04-24 22:31:38,049 ERROR Error: Update repository URL not configured.
2025-04-24 22:31:38,104 INFO {"timestamp": "2025-04-25T02:31:38Z", "action": "get_remote_version_error", "details": {"url": "/commits/manager", "error": "Invalid URL '/commits/manager': No scheme supplied. Perhaps you meant https:///commits/manager?"}}
2025-04-24 22:31:38,104 INFO Local version: a0e4b9d9f2d05e63ce87a490835256b3646d613c
2025-04-24 22:31:38,104 INFO Remote version: None
2025-04-24 22:31:38,104 INFO Could not check for updates (remote fetch failed).
2025-04-24 22:37:00,741 INFO Attempting self-update...
2025-04-24 22:37:00,741 ERROR Error: Update repository URL not configured.
2025-04-24 22:37:00,792 INFO {"timestamp": "2025-04-25T02:37:00Z", "action": "get_remote_version_error", "details": {"url": "/commits/manager", "error": "Invalid URL '/commits/manager': No scheme supplied. Perhaps you meant https:///commits/manager?"}}
2025-04-24 22:37:00,793 INFO Local version: a0e4b9d9f2d05e63ce87a490835256b3646d613c
2025-04-24 22:37:00,793 INFO Remote version: None
2025-04-24 22:37:00,793 INFO Could not check for updates (remote fetch failed).
2025-04-26 02:44:09,966 INFO {"timestamp": "2025-04-26T06:44:09Z", "action": "get_remote_version_error", "details": {"error": "requests module not available"}}
2025-04-26 02:44:09,966 INFO Local version: a0e4b9d9f2d05e63ce87a490835256b3646d613c
2025-04-26 02:44:09,967 INFO Remote version: None
2025-04-26 02:44:09,967 INFO Could not check for updates (remote fetch failed).
